---
source: crates/wx-compiler/src/tests.rs
expression: module
---
types:
  signatures:
    - param_count: 2
      param_results:
        - I32
        - I32
        - I32
globals:
  globals: []
tables:
  tables: []
elements:
  segments: []
functions:
  types:
    - 0
exports:
  items:
    - Function:
        name: 1
        func_index: 0
code:
  functions:
    - name: 1
      locals:
        - name: 2
          ty: I32
        - name: 4
          ty: I32
        - name: 5
          ty: I32
      expressions:
        - IfElse:
            condition:
              I32LtS:
                left:
                  LocalGet:
                    local_index: 1
                right:
                  I32Const:
                    value: 0
            result: Empty
            then_branch:
              Block:
                expressions:
                  - Return:
                      value:
                        I32Const:
                          value: 0
                result: Empty
            else_branch: ~
        - LocalSet:
            local_index: 2
            value:
              I32Const:
                value: 1
        - Block:
            expressions:
              - Loop:
                  expressions:
                    - IfElse:
                        condition:
                          I32Eq:
                            left:
                              LocalGet:
                                local_index: 1
                            right:
                              I32Const:
                                value: 0
                        result: Empty
                        then_branch:
                          Block:
                            expressions:
                              - Break:
                                  depth: 3
                                  value:
                                    LocalGet:
                                      local_index: 2
                            result: Empty
                        else_branch: ~
                    - LocalSet:
                        local_index: 2
                        value:
                          I32Mul:
                            left:
                              LocalGet:
                                local_index: 2
                            right:
                              LocalGet:
                                local_index: 0
                    - LocalSet:
                        local_index: 1
                        value:
                          I32Sub:
                            left:
                              LocalGet:
                                local_index: 1
                            right:
                              I32Const:
                                value: 1
                    - Break:
                        depth: 0
                        value: ~
                  result: Empty
              - Unreachable
            result:
              SingleValue: I32
