---
source: crates/wx-compiler/src/ast.rs
expression: case.ast
---
file_id: 0
diagnostics:
  - severity: Warning
    code: E0003
    message: missing separator
    labels:
      - style: Primary
        file_id: 0
        range:
          start: 74
          end: 74
        message: "consider adding `,` here"
    notes: []
  - severity: Error
    code: E0002
    message: "expected `identifier`, found `[`"
    labels:
      - style: Primary
        file_id: 0
        range:
          start: 75
          end: 76
        message: "expected `identifier`"
    notes: []
  - severity: Warning
    code: E0003
    message: missing separator
    labels:
      - style: Primary
        file_id: 0
        range:
          start: 107
          end: 107
        message: "consider adding `;` here"
    notes: []
  - severity: Warning
    code: E0003
    message: missing separator
    labels:
      - style: Primary
        file_id: 0
        range:
          start: 278
          end: 278
        message: "consider adding `;` here"
    notes: []
  - severity: Error
    code: E0006
    message: expected a block-like expression after a label
    labels:
      - style: Primary
        file_id: 0
        range:
          start: 287
          end: 301
        message: ""
    notes: []
  - severity: Error
    code: E0009
    message: invalid item
    labels:
      - style: Primary
        file_id: 0
        range:
          start: 357
          end: 732
        message: ""
    notes: []
  - severity: Error
    code: E0002
    message: "expected `{`, found `<`"
    labels:
      - style: Primary
        file_id: 0
        range:
          start: 754
          end: 755
        message: "expected `{`"
    notes: []
  - severity: Error
    code: E0009
    message: invalid item
    labels:
      - style: Primary
        file_id: 0
        range:
          start: 755
          end: 1025
        message: ""
    notes: []
  - severity: Error
    code: E0002
    message: "expected `identifier`, found `<`"
    labels:
      - style: Primary
        file_id: 0
        range:
          start: 1032
          end: 1033
        message: "expected `identifier`"
    notes: []
  - severity: Error
    code: E0009
    message: invalid item
    labels:
      - style: Primary
        file_id: 0
        range:
          start: 1033
          end: 1065
        message: ""
    notes: []
  - severity: Error
    code: E0011
    message: "`self` parameter is only allowed in associated functions"
    labels:
      - style: Primary
        file_id: 0
        range:
          start: 1078
          end: 1082
        message: ""
    notes:
      - "associated functions are those in `impl` blocks"
  - severity: Error
    code: E0009
    message: invalid item
    labels:
      - style: Primary
        file_id: 0
        range:
          start: 1133
          end: 1134
        message: ""
    notes: []
  - severity: Warning
    code: E0003
    message: missing separator
    labels:
      - style: Primary
        file_id: 0
        range:
          start: 1208
          end: 1208
        message: "consider adding `,` here"
    notes: []
  - severity: Error
    code: E0009
    message: invalid item
    labels:
      - style: Primary
        file_id: 0
        range:
          start: 1268
          end: 3729
        message: ""
    notes: []
items:
  - inner:
      inner:
        Struct:
          pub_span: ~
          name:
            inner: 1
            span:
              start: 7
              end: 13
          fields:
            open:
              start: 14
              end: 15
            inner:
              - inner:
                  inner:
                    pub_span: ~
                    name:
                      inner: 2
                      span:
                        start: 20
                        end: 25
                    ty:
                      inner:
                        Slice:
                          mutability: ~
                          inner:
                            inner:
                              Identifier:
                                symbol: 3
                            span:
                              start: 29
                              end: 31
                      span:
                        start: 27
                        end: 31
                  span:
                    start: 20
                    end: 31
                separator:
                  start: 31
                  end: 32
            close:
              start: 33
              end: 34
      span:
        start: 0
        end: 34
    separator: ~
  - inner:
      inner:
        Impl:
          target:
            inner:
              Identifier:
                symbol: 1
            span:
              start: 41
              end: 47
          items:
            open:
              start: 48
              end: 49
            inner:
              - inner:
                  inner:
                    Method:
                      pub_span: ~
                      signature:
                        name:
                          inner: 4
                          span:
                            start: 57
                            end: 67
                        params:
                          open:
                            start: 67
                            end: 68
                          inner:
                            - inner:
                                inner:
                                  mut_span: ~
                                  name:
                                    inner: 2
                                    span:
                                      start: 68
                                      end: 73
                                  ty: ~
                                span:
                                  start: 68
                                  end: 74
                              separator: ~
                          close:
                            start: 79
                            end: 80
                        result:
                          inner:
                            Identifier:
                              symbol: 1
                          span:
                            start: 84
                            end: 90
                      block:
                        inner:
                          Block:
                            statements:
                              open:
                                start: 91
                                end: 92
                              inner:
                                - inner:
                                    inner:
                                      Expression:
                                        inner:
                                          Identifier:
                                            symbol: 1
                                        span:
                                          start: 101
                                          end: 107
                                    span:
                                      start: 101
                                      end: 107
                                  separator: ~
                                - inner:
                                    inner:
                                      Expression:
                                        inner:
                                          Block:
                                            statements:
                                              open:
                                                start: 108
                                                end: 109
                                              inner:
                                                - inner:
                                                    inner:
                                                      Expression:
                                                        inner:
                                                          Identifier:
                                                            symbol: 2
                                                        span:
                                                          start: 110
                                                          end: 115
                                                    span:
                                                      start: 110
                                                      end: 115
                                                  separator: ~
                                              close:
                                                start: 116
                                                end: 117
                                        span:
                                          start: 108
                                          end: 117
                                    span:
                                      start: 108
                                      end: 117
                                  separator: ~
                              close:
                                start: 122
                                end: 123
                        span:
                          start: 91
                          end: 123
                  span:
                    start: 54
                    end: 123
                separator: ~
            close:
              start: 124
              end: 125
      span:
        start: 36
        end: 125
    separator: ~
  - inner:
      inner:
        Struct:
          pub_span: ~
          name:
            inner: 6
            span:
              start: 134
              end: 138
          fields:
            open:
              start: 139
              end: 140
            inner:
              - inner:
                  inner:
                    pub_span: ~
                    name:
                      inner: 7
                      span:
                        start: 145
                        end: 149
                    ty:
                      inner:
                        Identifier:
                          symbol: 8
                      span:
                        start: 151
                        end: 154
                  span:
                    start: 145
                    end: 154
                separator:
                  start: 154
                  end: 155
            close:
              start: 156
              end: 157
      span:
        start: 127
        end: 157
    separator: ~
  - inner:
      inner:
        Impl:
          target:
            inner:
              Identifier:
                symbol: 6
            span:
              start: 164
              end: 168
          items:
            open:
              start: 169
              end: 170
            inner:
              - inner:
                  inner:
                    Method:
                      pub_span: ~
                      signature:
                        name:
                          inner: 9
                          span:
                            start: 178
                            end: 196
                        params:
                          open:
                            start: 196
                            end: 197
                          inner:
                            - inner:
                                inner:
                                  mut_span: ~
                                  name:
                                    inner: 5
                                    span:
                                      start: 197
                                      end: 201
                                  ty: ~
                                span:
                                  start: 197
                                  end: 201
                              separator: ~
                          close:
                            start: 201
                            end: 202
                        result:
                          inner:
                            Identifier:
                              symbol: 6
                          span:
                            start: 206
                            end: 210
                      block:
                        inner:
                          Block:
                            statements:
                              open:
                                start: 211
                                end: 212
                              inner:
                                - inner:
                                    inner:
                                      Expression:
                                        inner:
                                          IfElse:
                                            condition:
                                              inner:
                                                Binary:
                                                  left:
                                                    inner:
                                                      Binary:
                                                        left:
                                                          inner:
                                                            ObjectAccess:
                                                              object:
                                                                inner:
                                                                  Identifier:
                                                                    symbol: 5
                                                                span:
                                                                  start: 224
                                                                  end: 228
                                                              member:
                                                                inner: 7
                                                                span:
                                                                  start: 229
                                                                  end: 233
                                                          span:
                                                            start: 224
                                                            end: 233
                                                        operator:
                                                          inner: GreaterEq
                                                          span:
                                                            start: 234
                                                            end: 236
                                                        right:
                                                          inner:
                                                            Int:
                                                              value: 97
                                                          span:
                                                            start: 237
                                                            end: 239
                                                    span:
                                                      start: 224
                                                      end: 239
                                                  operator:
                                                    inner: And
                                                    span:
                                                      start: 240
                                                      end: 242
                                                  right:
                                                    inner:
                                                      Binary:
                                                        left:
                                                          inner:
                                                            ObjectAccess:
                                                              object:
                                                                inner:
                                                                  Identifier:
                                                                    symbol: 5
                                                                span:
                                                                  start: 243
                                                                  end: 247
                                                              member:
                                                                inner: 7
                                                                span:
                                                                  start: 248
                                                                  end: 252
                                                          span:
                                                            start: 243
                                                            end: 252
                                                        operator:
                                                          inner: LessEq
                                                          span:
                                                            start: 253
                                                            end: 255
                                                        right:
                                                          inner:
                                                            Int:
                                                              value: 122
                                                          span:
                                                            start: 256
                                                            end: 259
                                                    span:
                                                      start: 243
                                                      end: 259
                                              span:
                                                start: 224
                                                end: 259
                                            then_block:
                                              inner:
                                                Block:
                                                  statements:
                                                    open:
                                                      start: 260
                                                      end: 261
                                                    inner:
                                                      - inner:
                                                          inner:
                                                            Expression:
                                                              inner:
                                                                Identifier:
                                                                  symbol: 6
                                                              span:
                                                                start: 274
                                                                end: 278
                                                          span:
                                                            start: 274
                                                            end: 278
                                                        separator: ~
                                                      - inner:
                                                          inner:
                                                            Expression:
                                                              inner:
                                                                Block:
                                                                  statements:
                                                                    open:
                                                                      start: 279
                                                                      end: 280
                                                                    inner: []
                                                                    close:
                                                                      start: 302
                                                                      end: 303
                                                              span:
                                                                start: 279
                                                                end: 303
                                                          span:
                                                            start: 279
                                                            end: 303
                                                        separator: ~
                                                    close:
                                                      start: 312
                                                      end: 313
                                              span:
                                                start: 260
                                                end: 313
                                            else_block:
                                              inner:
                                                Block:
                                                  statements:
                                                    open:
                                                      start: 319
                                                      end: 320
                                                    inner:
                                                      - inner:
                                                          inner:
                                                            Expression:
                                                              inner:
                                                                Identifier:
                                                                  symbol: 5
                                                              span:
                                                                start: 333
                                                                end: 337
                                                          span:
                                                            start: 333
                                                            end: 337
                                                        separator: ~
                                                    close:
                                                      start: 346
                                                      end: 347
                                              span:
                                                start: 319
                                                end: 347
                                        span:
                                          start: 221
                                          end: 347
                                    span:
                                      start: 221
                                      end: 347
                                  separator: ~
                              close:
                                start: 352
                                end: 353
                        span:
                          start: 211
                          end: 353
                  span:
                    start: 175
                    end: 353
                separator: ~
            close:
              start: 354
              end: 355
      span:
        start: 159
        end: 355
    separator: ~
  - inner:
      inner:
        Function:
          pub_span: ~
          signature:
            name:
              inner: 11
              span:
                start: 1073
                end: 1077
            params:
              open:
                start: 1077
                end: 1078
              inner:
                - inner:
                    inner:
                      mut_span: ~
                      name:
                        inner: 5
                        span:
                          start: 1078
                          end: 1082
                      ty: ~
                    span:
                      start: 1078
                      end: 1082
                  separator: ~
              close:
                start: 1082
                end: 1083
            result: ~
          block:
            inner:
              Block:
                statements:
                  open:
                    start: 1084
                    end: 1085
                  inner:
                    - inner:
                        inner:
                          Expression:
                            inner:
                              Call:
                                callee:
                                  inner:
                                    ObjectAccess:
                                      object:
                                        inner:
                                          ObjectAccess:
                                            object:
                                              inner:
                                                Identifier:
                                                  symbol: 5
                                              span:
                                                start: 1094
                                                end: 1098
                                            member:
                                              inner: 12
                                              span:
                                                start: 1099
                                                end: 1104
                                        span:
                                          start: 1094
                                          end: 1104
                                      member:
                                        inner: 13
                                        span:
                                          start: 1105
                                          end: 1112
                                  span:
                                    start: 1094
                                    end: 1112
                                arguments:
                                  - inner:
                                      inner:
                                        ObjectAccess:
                                          object:
                                            inner:
                                              Identifier:
                                                symbol: 5
                                            span:
                                              start: 1113
                                              end: 1117
                                          member:
                                            inner: 14
                                            span:
                                              start: 1118
                                              end: 1124
                                      span:
                                        start: 1113
                                        end: 1124
                                    separator: ~
                            span:
                              start: 1094
                              end: 1125
                        span:
                          start: 1094
                          end: 1125
                      separator:
                        start: 1125
                        end: 1126
                  close:
                    start: 1131
                    end: 1132
            span:
              start: 1084
              end: 1132
      span:
        start: 1070
        end: 1132
    separator: ~
  - inner:
      inner:
        Function:
          pub_span: ~
          signature:
            name:
              inner: 15
              span:
                start: 1139
                end: 1143
            params:
              open:
                start: 1143
                end: 1144
              inner: []
              close:
                start: 1144
                end: 1145
            result: ~
          block:
            inner:
              Block:
                statements:
                  open:
                    start: 1146
                    end: 1147
                  inner:
                    - inner:
                        inner:
                          LocalDefinition:
                            mut_span: ~
                            name:
                              inner: 12
                              span:
                                start: 1158
                                end: 1163
                            ty: ~
                            value:
                              inner:
                                Call:
                                  callee:
                                    inner:
                                      NamespaceAccess:
                                        namespace:
                                          inner:
                                            Identifier:
                                              symbol: 16
                                          span:
                                            start: 1166
                                            end: 1180
                                        member:
                                          inner: 17
                                          span:
                                            start: 1182
                                            end: 1193
                                    span:
                                      start: 1166
                                      end: 1193
                                  arguments:
                                    - inner:
                                        inner:
                                          Call:
                                            callee:
                                              inner:
                                                ObjectAccess:
                                                  object:
                                                    inner:
                                                      Identifier:
                                                        symbol: 18
                                                    span:
                                                      start: 1194
                                                      end: 1197
                                                  member:
                                                    inner: 19
                                                    span:
                                                      start: 1198
                                                      end: 1206
                                              span:
                                                start: 1194
                                                end: 1206
                                            arguments: []
                                        span:
                                          start: 1194
                                          end: 1208
                                      separator: ~
                              span:
                                start: 1166
                                end: 1217
                        span:
                          start: 1152
                          end: 1217
                      separator:
                        start: 1217
                        end: 1218
                    - inner:
                        inner:
                          LocalDefinition:
                            mut_span: ~
                            name:
                              inner: 20
                              span:
                                start: 1229
                                end: 1236
                            ty: ~
                            value:
                              inner:
                                Call:
                                  callee:
                                    inner:
                                      NamespaceAccess:
                                        namespace:
                                          inner:
                                            Identifier:
                                              symbol: 10
                                          span:
                                            start: 1239
                                            end: 1252
                                        member:
                                          inner: 21
                                          span:
                                            start: 1254
                                            end: 1256
                                    span:
                                      start: 1239
                                      end: 1256
                                  arguments:
                                    - inner:
                                        inner:
                                          Identifier:
                                            symbol: 12
                                        span:
                                          start: 1257
                                          end: 1262
                                      separator: ~
                              span:
                                start: 1239
                                end: 1263
                        span:
                          start: 1223
                          end: 1263
                      separator:
                        start: 1263
                        end: 1264
                  close:
                    start: 1265
                    end: 1266
            span:
              start: 1146
              end: 1266
      span:
        start: 1136
        end: 1266
    separator: ~
