---
source: crates/wx-compiler/src/mir.rs
expression: case.mir
---
functions:
  - signature_index: 1
    scopes:
      - kind: Block
        parent: ~
        locals:
          - ty: U32
            mutability: Immutable
        result: Bool
    block:
      kind:
        Block:
          scope_index: 0
          expressions:
            - kind:
                And:
                  left:
                    kind:
                      GreaterEq:
                        left:
                          kind:
                            LocalGet:
                              scope_index: 0
                              local_index: 0
                          ty: U32
                        right:
                          kind:
                            Int:
                              value: 65
                          ty: U32
                    ty: Bool
                  right:
                    kind:
                      LessEq:
                        left:
                          kind:
                            LocalGet:
                              scope_index: 0
                              local_index: 0
                          ty: U32
                        right:
                          kind:
                            Int:
                              value: 90
                          ty: U32
                    ty: Bool
              ty: Bool
      ty: Bool
    inline: true
  - signature_index: 1
    scopes:
      - kind: Block
        parent: ~
        locals:
          - ty: U32
            mutability: Immutable
        result: Bool
    block:
      kind:
        Block:
          scope_index: 0
          expressions:
            - kind:
                And:
                  left:
                    kind:
                      GreaterEq:
                        left:
                          kind:
                            LocalGet:
                              scope_index: 0
                              local_index: 0
                          ty: U32
                        right:
                          kind:
                            Int:
                              value: 97
                          ty: U32
                    ty: Bool
                  right:
                    kind:
                      LessEq:
                        left:
                          kind:
                            LocalGet:
                              scope_index: 0
                              local_index: 0
                          ty: U32
                        right:
                          kind:
                            Int:
                              value: 122
                          ty: U32
                    ty: Bool
              ty: Bool
      ty: Bool
    inline: true
  - signature_index: 2
    scopes:
      - kind: Block
        parent: ~
        locals: []
        result:
          Tuple:
            tuple_index: 0
    block:
      kind:
        Block:
          scope_index: 0
          expressions:
            - kind:
                Packed:
                  fields:
                    - kind:
                        Int:
                          value: 0
                      ty: U32
                    - kind:
                        Int:
                          value: 0
                      ty: U32
              ty:
                Tuple:
                  tuple_index: 0
      ty:
        Tuple:
          tuple_index: 0
    inline: false
signatures:
  - items:
      - U32
      - U32
    params_count: 1
  - items:
      - U32
      - Bool
    params_count: 1
  - items:
      - Tuple:
          tuple_index: 0
    params_count: 0
globals: []
exports:
  - Function:
      func_index: 2
      name: 48
imports: []
tuples:
  - fields:
      - U32
      - U32
strings: []
