---
source: crates/wx-compiler/src/tests.rs
expression: module
---
types:
  signatures:
    - param_count: 2
      param_results:
        - I32
        - I32
        - I32
    - param_count: 3
      param_results:
        - I32
        - I32
        - I32
        - I32
    - param_count: 0
      param_results:
        - I32
globals:
  globals: []
tables:
  tables:
    - ty: FuncRef
      limits:
        Initial: 2
elements:
  segments:
    - table_index: 0
      offset: 0
      indices:
        - 0
        - 1
functions:
  types:
    - 0
    - 0
    - 1
    - 2
exports:
  items:
    - Function:
        name: 8
        func_index: 3
code:
  expressions: []
  functions:
    - name: 1
      locals:
        - name: 2
          ty: I32
        - name: 4
          ty: I32
      expressions:
        - I32Add:
            left:
              LocalGet:
                local_index: 0
            right:
              LocalGet:
                local_index: 1
    - name: 5
      locals:
        - name: 2
          ty: I32
        - name: 4
          ty: I32
      expressions:
        - I32Sub:
            left:
              LocalGet:
                local_index: 0
            right:
              LocalGet:
                local_index: 1
    - name: 6
      locals:
        - name: 7
          ty: I32
        - name: 2
          ty: I32
        - name: 4
          ty: I32
      expressions:
        - CallIndirect:
            expr:
              LocalGet:
                local_index: 0
            table_index: 0
            type_index: 0
            arguments:
              - LocalGet:
                  local_index: 1
              - LocalGet:
                  local_index: 2
    - name: 8
      locals:
        - name: 2
          ty: I32
        - name: 4
          ty: I32
        - name: 9
          ty: I32
      expressions:
        - LocalSet:
            local_index: 0
            value:
              Call:
                function: 2
                arguments:
                  - I32Const:
                      value: 0
                  - I32Const:
                      value: 5
                  - I32Const:
                      value: 10
        - LocalSet:
            local_index: 1
            value:
              Call:
                function: 2
                arguments:
                  - I32Const:
                      value: 1
                  - I32Const:
                      value: 10
                  - I32Const:
                      value: 5
        - LocalSet:
            local_index: 2
            value:
              I32Const:
                value: 5
        - I32Add:
            left:
              LocalGet:
                local_index: 0
            right:
              LocalGet:
                local_index: 1
