---
source: crates/wx-compiler-new/src/mir.rs
expression: case.mir
---
functions:
  - signature:
      items:
        - I32
        - I32
        - I32
      params_count: 2
    frame:
      - kind: Block
        parent: ~
        locals:
          - ty: I32
            mutability: Mutable
          - ty: I32
            mutability: Immutable
        ty: I32
    block:
      kind:
        Block:
          scope_index: 0
          expressions:
            - kind:
                LocalSet:
                  scope_index: 0
                  local_index: 0
                  value:
                    kind:
                      Add:
                        left:
                          kind:
                            LocalGet:
                              scope_index: 0
                              local_index: 0
                          ty: I32
                        right:
                          kind:
                            LocalGet:
                              scope_index: 0
                              local_index: 1
                          ty: I32
                    ty: I32
              ty: Unit
            - kind:
                LocalGet:
                  scope_index: 0
                  local_index: 0
              ty: I32
      ty: I32
globals: []
exports:
  - Function:
      func_index: 0
