---
source: crates/wx-compiler/src/tir.rs
expression: case.tir
---
file_id: 0
signatures:
  - items:
      - I32
      - I32
      - I32
    params_count: 2
defined_functions:
  0:
    name:
      inner: 1
      span:
        start: 3
        end: 6
    params:
      - mut_span: ~
        name:
          inner: 3
          span:
            start: 7
            end: 8
        ty:
          inner: I32
          span:
            start: 10
            end: 13
      - mut_span: ~
        name:
          inner: 4
          span:
            start: 15
            end: 16
        ty:
          inner: I32
          span:
            start: 18
            end: 21
    result:
      inner: I32
      span:
        start: 26
        end: 29
    signature_index: 0
    stack:
      scopes:
        - kind: Block
          label: ~
          parent: ~
          locals:
            - name:
                inner: 3
                span:
                  start: 7
                  end: 8
              ty: I32
              mut_span: ~
              accesses:
                - span:
                    start: 32
                    end: 33
                  kind: Read
            - name:
                inner: 4
                span:
                  start: 15
                  end: 16
              ty: I32
              mut_span: ~
              accesses:
                - span:
                    start: 36
                    end: 37
                  kind: Read
          inferred_type: I32
          expected_type: I32
    block:
      kind:
        Block:
          scope_index: 0
          expressions: []
          result:
            kind:
              Binary:
                operator:
                  inner: Add
                  span:
                    start: 34
                    end: 35
                left:
                  kind:
                    Local:
                      scope_index: 0
                      local_index: 0
                  ty: I32
                  span:
                    start: 32
                    end: 33
                right:
                  kind:
                    Local:
                      scope_index: 0
                      local_index: 1
                  ty: I32
                  span:
                    start: 36
                    end: 37
            ty: I32
            span:
              start: 32
              end: 37
      ty: I32
      span:
        start: 30
        end: 39
defined_globals: {}
namespaces: []
exports:
  - Function:
      internal_name:
        inner: 1
        span:
          start: 50
          end: 53
      external_name: ~
      func_index: 0
  - Function:
      internal_name:
        inner: 1
        span:
          start: 55
          end: 58
      external_name:
        inner: 10
        span:
          start: 62
          end: 68
      func_index: 0
declared_functions:
  - source: Defined
    signature_index: 0
    name:
      inner: 1
      span:
        start: 3
        end: 6
    accesses:
      - start: 50
        end: 53
      - start: 55
        end: 58
declared_globals: []
diagnostics: []
