---
source: crates/wx-compiler/src/mir.rs
expression: case.mir
---
functions:
  - signature_index: 3
    scopes:
      - kind: Block
        parent: ~
        locals:
          - ty: U32
            mutability: Immutable
        result: Bool
    block:
      kind:
        Block:
          scope_index: 0
          expressions:
            - kind:
                And:
                  left:
                    kind:
                      GreaterEq:
                        left:
                          kind:
                            LocalGet:
                              scope_index: 0
                              local_index: 0
                          ty: U32
                        right:
                          kind:
                            Int:
                              value: 65
                          ty: U32
                    ty: Bool
                  right:
                    kind:
                      LessEq:
                        left:
                          kind:
                            LocalGet:
                              scope_index: 0
                              local_index: 0
                          ty: U32
                        right:
                          kind:
                            Int:
                              value: 90
                          ty: U32
                    ty: Bool
              ty: Bool
      ty: Bool
    inline: true
  - signature_index: 3
    scopes:
      - kind: Block
        parent: ~
        locals:
          - ty: U32
            mutability: Immutable
        result: Bool
    block:
      kind:
        Block:
          scope_index: 0
          expressions:
            - kind:
                And:
                  left:
                    kind:
                      GreaterEq:
                        left:
                          kind:
                            LocalGet:
                              scope_index: 0
                              local_index: 0
                          ty: U32
                        right:
                          kind:
                            Int:
                              value: 97
                          ty: U32
                    ty: Bool
                  right:
                    kind:
                      LessEq:
                        left:
                          kind:
                            LocalGet:
                              scope_index: 0
                              local_index: 0
                          ty: U32
                        right:
                          kind:
                            Int:
                              value: 122
                          ty: U32
                    ty: Bool
              ty: Bool
      ty: Bool
    inline: true
  - signature_index: 5
    scopes:
      - kind: Block
        parent: ~
        locals:
          - ty:
              Tuple:
                tuple_index: 0
            mutability: Immutable
          - ty: U32
            mutability: Immutable
        result: Unit
      - kind: Block
        parent: ~
        locals: []
        result: Bool
      - kind: Block
        parent: ~
        locals:
          - ty: U32
            mutability: Immutable
        result: Bool
      - kind: Block
        parent: ~
        locals: []
        result: Bool
      - kind: Block
        parent: ~
        locals:
          - ty: U32
            mutability: Immutable
        result: Bool
    block:
      kind:
        Block:
          scope_index: 0
          expressions:
            - kind:
                LocalSet:
                  scope_index: 0
                  local_index: 0
                  value:
                    kind:
                      Packed:
                        fields:
                          - kind:
                              StringIndex:
                                string_index: 0
                            ty: Pointer
                          - kind:
                              Int:
                                value: 4
                            ty: U32
                    ty:
                      Tuple:
                        tuple_index: 0
              ty: Unit
            - kind:
                LocalSet:
                  scope_index: 0
                  local_index: 1
                  value:
                    kind:
                      Block:
                        scope_index: 1
                        expressions:
                          - kind:
                              LocalSet:
                                scope_index: 2
                                local_index: 0
                                value:
                                  kind:
                                    LocalGet:
                                      scope_index: 0
                                      local_index: 0
                                  ty:
                                    Tuple:
                                      tuple_index: 0
                            ty: Unit
                          - kind:
                              Block:
                                scope_index: 2
                                expressions:
                                  - kind:
                                      And:
                                        left:
                                          kind:
                                            GreaterEq:
                                              left:
                                                kind:
                                                  LocalGet:
                                                    scope_index: 2
                                                    local_index: 0
                                                ty: U32
                                              right:
                                                kind:
                                                  Int:
                                                    value: 97
                                                ty: U32
                                          ty: Bool
                                        right:
                                          kind:
                                            LessEq:
                                              left:
                                                kind:
                                                  LocalGet:
                                                    scope_index: 2
                                                    local_index: 0
                                                ty: U32
                                              right:
                                                kind:
                                                  Int:
                                                    value: 122
                                                ty: U32
                                          ty: Bool
                                    ty: Bool
                            ty: Bool
                    ty: Bool
              ty: Unit
            - kind:
                Block:
                  scope_index: 3
                  expressions:
                    - kind:
                        LocalSet:
                          scope_index: 4
                          local_index: 0
                          value:
                            kind:
                              Int:
                                value: 0
                            ty: U32
                      ty: Unit
                    - kind:
                        LocalSet:
                          scope_index: 4
                          local_index: 1
                          value:
                            kind:
                              LocalGet:
                                scope_index: 0
                                local_index: 1
                            ty: U32
                      ty: Unit
                    - kind:
                        Block:
                          scope_index: 4
                          expressions:
                            - kind:
                                And:
                                  left:
                                    kind:
                                      GreaterEq:
                                        left:
                                          kind:
                                            LocalGet:
                                              scope_index: 4
                                              local_index: 0
                                          ty: U32
                                        right:
                                          kind:
                                            Int:
                                              value: 65
                                          ty: U32
                                    ty: Bool
                                  right:
                                    kind:
                                      LessEq:
                                        left:
                                          kind:
                                            LocalGet:
                                              scope_index: 4
                                              local_index: 0
                                          ty: U32
                                        right:
                                          kind:
                                            Int:
                                              value: 90
                                          ty: U32
                                    ty: Bool
                              ty: Bool
                      ty: Bool
              ty: Bool
      ty: Unit
    inline: false
signatures:
  - items:
      - Tuple:
          tuple_index: 0
      - U32
    params_count: 1
  - items:
      - F32
      - F32
    params_count: 1
  - items:
      - U32
      - U32
    params_count: 1
  - items:
      - U32
      - Bool
    params_count: 1
  - items:
      - U32
      - U32
      - Unit
    params_count: 2
  - items:
      - Unit
    params_count: 0
globals: []
exports:
  - Function:
      func_index: 4
      name: 59
imports:
  - name: console
    items:
      - Function:
          name: 57
          func_index: 0
          signature_index: 22
tuples:
  - fields:
      - I32
strings:
  - 68
