---
source: crates/wx-compiler/src/mir/tests.rs
expression: case.mir
---
functions:
  - id: 53
    signature_index: 0
    scopes:
      - kind: Block
        parent: ~
        locals:
          - ty:
              Pointer:
                memory: 51
            mutability: Immutable
        result: Unit
    block:
      kind:
        Block:
          scope_index: 0
          expressions:
            - kind:
                PointerStore:
                  pointer:
                    kind:
                      LocalGet:
                        scope_index: 0
                        local_index: 0
                    ty:
                      Pointer:
                        memory: 51
                  value:
                    kind:
                      Add:
                        left:
                          kind:
                            PointerLoad:
                              pointer:
                                kind:
                                  LocalGet:
                                    scope_index: 0
                                    local_index: 0
                                ty:
                                  Pointer:
                                    memory: 51
                              offset: 4
                              memory: 51
                          ty: U32
                        right:
                          kind:
                            Int:
                              value: 1
                          ty: U32
                    ty: U32
                  offset: 4
                  memory: 51
              ty: Unit
      ty: Unit
    static_data: []
signatures:
  - items:
      - Pointer:
          memory: 51
      - Unit
    params_count: 1
  - items:
      - U32
      - Bool
    params_count: 1
  - items:
      - U32
      - U32
    params_count: 1
globals: []
exports:
  - Function:
      id: 53
      name: 83
imports: []
memories:
  - id: 51
    source: Internal
    kind: Memory32
    min_pages: ~
    max_pages: ~
aggregates:
  - values:
      - U32
      - U32
      - U32
    offsets:
      - 0
      - 4
      - 8
    layout:
      size: 12
      align: 4
    decl_to_phys:
      - 0
      - 1
      - 2
static_entries: []
start_function: ~
