---
source: crates/wx-compiler/src/mir/tests.rs
expression: case.mir
---
functions:
  - id: 7
    signature_index: 2
    scopes:
      - kind: Block
        parent: ~
        locals:
          - ty: U32
            mutability: Immutable
        result: U32
    block:
      kind:
        Block:
          scope_index: 0
          expressions:
            - kind:
                MemoryGrow:
                  memory_index: 0
                  delta:
                    kind:
                      LocalGet:
                        scope_index: 0
                        local_index: 0
                    ty: U32
              ty: U32
      ty: U32
signatures:
  - items:
      - Unit
      - U32
    params_count: 1
  - items:
      - Unit
      - U32
      - U32
    params_count: 2
  - items:
      - U32
      - U32
    params_count: 1
globals: []
exports:
  - Function:
      id: 7
      name: 15
imports: []
memories:
  - Memory32
aggregates: []
strings: []
