---
source: crates/wx-compiler/src/mir/tests.rs
expression: case.mir
---
functions:
  - signature_index: 4
    scopes:
      - kind: Block
        parent: ~
        locals: []
        result: U32
    block:
      kind:
        Block:
          scope_index: 0
          expressions:
            - kind:
                MemoryOffset:
                  memory_index: 0
              ty: U32
      ty: U32
    inline: false
signatures:
  - items:
      - Unit
      - U32
    params_count: 1
  - items:
      - Unit
      - U32
      - U32
    params_count: 2
  - items:
      - Unit
      - U32
    params_count: 1
  - items:
      - Unit
      - U32
      - U32
    params_count: 2
  - items:
      - U32
    params_count: 0
globals: []
exports:
  - Function:
      func_index: 0
      name: 15
imports: []
memories:
  - Memory32
aggregates: []
strings: []
