---
source: crates/wx-compiler/src/ast/tests.rs
assertion_line: 1008
expression: case.ast
---
file_id: 0
diagnostics: []
items:
  - inner:
      inner:
        Function:
          id: 0
          pub_span: ~
          attributes: []
          signature:
            name:
              inner: 1
              span:
                start: 3
                end: 7
            type_params: []
            params: []
            result: ~
          block:
            inner:
              Block:
                statements:
                  - inner:
                      inner:
                        Expression:
                          inner:
                            Call:
                              callee:
                                inner:
                                  TypeApplication:
                                    callee:
                                      inner:
                                        Identifier:
                                          symbol: 2
                                      span:
                                        start: 16
                                        end: 24
                                    args:
                                      - inner:
                                          Identifier:
                                            symbol: 3
                                        span:
                                          start: 27
                                          end: 30
                                span:
                                  start: 16
                                  end: 31
                              arguments:
                                - inner:
                                    inner:
                                      Int:
                                        value: 42
                                    span:
                                      start: 32
                                      end: 34
                                  separator: ~
                          span:
                            start: 16
                            end: 35
                      span:
                        start: 16
                        end: 35
                    separator: ~
            span:
              start: 10
              end: 37
      span:
        start: 0
        end: 37
    separator: ~
