---
source: crates/wx-compiler/src/ast/tests.rs
expression: case.ast
---
file_id: 0
diagnostics: []
items:
  - inner:
      inner:
        Function:
          id: 0
          pub_span: ~
          attributes: []
          signature:
            name:
              inner: 1
              span:
                start: 3
                end: 7
            type_params: []
            params:
              open:
                start: 7
                end: 8
              inner:
                - inner:
                    inner:
                      mut_span: ~
                      name:
                        inner: 2
                        span:
                          start: 8
                          end: 11
                      ty:
                        inner:
                          Identifier:
                            symbol: 3
                        span:
                          start: 13
                          end: 16
                    span:
                      start: 8
                      end: 16
                  separator: ~
              close:
                start: 16
                end: 17
            result: ~
          block:
            inner:
              Block:
                statements:
                  open:
                    start: 18
                    end: 19
                  inner:
                    - inner:
                        inner:
                          Expression:
                            inner:
                              Call:
                                callee:
                                  inner:
                                    TypeApplication:
                                      callee:
                                        inner:
                                          ObjectAccess:
                                            object:
                                              inner:
                                                Identifier:
                                                  symbol: 2
                                              span:
                                                start: 24
                                                end: 27
                                            member:
                                              inner: 4
                                              span:
                                                start: 28
                                                end: 37
                                        span:
                                          start: 24
                                          end: 37
                                      args:
                                        - inner:
                                            Identifier:
                                              symbol: 5
                                          span:
                                            start: 40
                                            end: 43
                                  span:
                                    start: 24
                                    end: 44
                                arguments: []
                            span:
                              start: 24
                              end: 46
                        span:
                          start: 24
                          end: 46
                      separator: ~
                  close:
                    start: 47
                    end: 48
            span:
              start: 18
              end: 48
      span:
        start: 0
        end: 48
    separator: ~
