---
source: crates/wx-compiler/src/tir/tests.rs
expression: case.tir
---
type_pool:
  - Error
  - Unit
  - Never
  - Unknown
  - U8
  - I8
  - U16
  - I16
  - U32
  - I32
  - U64
  - I64
  - F32
  - F64
  - Bool
  - Char
  - Trait:
      trait_index: 0
  - TypeParam:
      owner:
        Function: 1
      param_index: 0
  - Function:
      signature:
        items:
          - 17
          - 8
        params_count: 1
  - TypeParam:
      owner:
        Function: 3
      param_index: 0
  - Function:
      signature:
        items:
          - 19
          - 1
        params_count: 1
  - Struct:
      struct_index: 0
  - Trait:
      trait_index: 1
  - Function:
      signature:
        items:
          - 21
          - 1
        params_count: 1
  - Function:
      signature:
        items:
          - 1
        params_count: 0
diagnostics:
  - severity: Warning
    code: W1001
    message: unused variable
    labels:
      - style: Primary
        file_id: 0
        range:
          start: 47
          end: 51
        message: ""
    notes: []
  - severity: Warning
    code: W1004
    message: "const `SIZE` is never used"
    labels:
      - style: Primary
        file_id: 0
        range:
          start: 211
          end: 215
        message: ""
    notes: []
functions:
  - id: 1
    file_id: 0
    pub_span: ~
    source: Internal
    origin: Trait
    type_params:
      - name: 18
        bounds:
          - 0
    signature_index: 18
    name:
      inner: 4
      span:
        start: 42
        end: 46
    params:
      - mut_span: ~
        name:
          inner: 5
          span:
            start: 47
            end: 51
        ty:
          inner: 17
          span:
            start: 47
            end: 51
    result:
      inner: 8
      span:
        start: 56
        end: 59
    accesses:
      - caller: 8
        kind: DirectCall
        file_id: 0
        span:
          start: 292
          end: 296
    attributes: []
    body:
      stack:
        scopes:
          - kind: Block
            label: ~
            parent: ~
            locals:
              - name:
                  inner: 5
                  span:
                    start: 47
                    end: 51
                ty: 17
                mut_span: ~
                accesses: []
            inferred_type: 8
            expected_type: 8
      block:
        kind:
          Block:
            scope_index: 0
            expressions: []
            result:
              kind:
                NamespaceAccess:
                  namespace:
                    inner: 17
                    span:
                      start: 70
                      end: 74
                  member:
                    kind:
                      Const:
                        id: 11
                    ty: 8
                    span:
                      start: 76
                      end: 80
              ty: 8
              span:
                start: 70
                end: 80
        ty: 8
        span:
          start: 60
          end: 86
  - id: 3
    file_id: 0
    pub_span: ~
    source: Internal
    origin: Trait
    type_params:
      - name: 18
        bounds:
          - 1
    signature_index: 20
    name:
      inner: 7
      span:
        start: 121
        end: 125
    params:
      - mut_span: ~
        name:
          inner: 5
          span:
            start: 126
            end: 130
        ty:
          inner: 19
          span:
            start: 126
            end: 130
    result: ~
    accesses: []
    attributes: []
    body: ~
  - id: 8
    file_id: 0
    pub_span: ~
    source: Internal
    origin:
      TraitImpl:
        trait_impl_index: 1
    type_params: []
    signature_index: 23
    name:
      inner: 7
      span:
        start: 262
        end: 266
    params:
      - mut_span: ~
        name:
          inner: 5
          span:
            start: 267
            end: 271
        ty:
          inner: 21
          span:
            start: 267
            end: 271
    result: ~
    accesses:
      - caller: 10
        kind: DirectCall
        file_id: 0
        span:
          start: 364
          end: 368
    attributes: []
    body:
      stack:
        scopes:
          - kind: Block
            label: ~
            parent: ~
            locals:
              - name:
                  inner: 5
                  span:
                    start: 267
                    end: 271
                ty: 21
                mut_span: ~
                accesses:
                  - span:
                      start: 287
                      end: 291
                    kind: Read
            inferred_type: 1
            expected_type: 1
      block:
        kind:
          Block:
            scope_index: 0
            expressions:
              - kind:
                  Binary:
                    operator:
                      inner: Assign
                      span:
                        start: 285
                        end: 286
                    left:
                      kind: Placeholder
                      ty: 8
                      span:
                        start: 283
                        end: 284
                    right:
                      kind:
                        GenericMethodCall:
                          id: 1
                          type_args:
                            - 21
                          object:
                            kind:
                              Local:
                                scope_index: 0
                                local_index: 0
                            ty: 21
                            span:
                              start: 287
                              end: 291
                          arguments: []
                      ty: 8
                      span:
                        start: 287
                        end: 298
                ty: 1
                span:
                  start: 283
                  end: 298
            result: ~
        ty: 1
        span:
          start: 273
          end: 305
  - id: 10
    file_id: 0
    pub_span: ~
    source: Internal
    origin: Free
    type_params: []
    signature_index: 24
    name:
      inner: 13
      span:
        start: 312
        end: 316
    params: []
    result: ~
    accesses:
      - caller: ~
        kind: Reference
        file_id: 0
        span:
          start: 384
          end: 388
    attributes: []
    body:
      stack:
        scopes:
          - kind: Block
            label: ~
            parent: ~
            locals:
              - name:
                  inner: 14
                  span:
                    start: 331
                    end: 332
                ty: 21
                mut_span: ~
                accesses:
                  - span:
                      start: 362
                      end: 363
                    kind: Read
            inferred_type: 1
            expected_type: 1
      block:
        kind:
          Block:
            scope_index: 0
            expressions:
              - kind:
                  LocalDeclaration:
                    name:
                      inner: 14
                      span:
                        start: 331
                        end: 332
                    scope_index: 0
                    local_index: 0
                    value:
                      kind:
                        StructInit:
                          struct_index: 0
                          fields:
                            - kind:
                                Int:
                                  value: 1
                              ty: 9
                              span:
                                start: 347
                                end: 348
                            - kind:
                                Int:
                                  value: 2
                              ty: 9
                              span:
                                start: 353
                                end: 354
                      ty: 21
                      span:
                        start: 335
                        end: 356
                ty: 1
                span:
                  start: 325
                  end: 356
              - kind:
                  MethodCall:
                    object:
                      kind:
                        Local:
                          scope_index: 0
                          local_index: 0
                      ty: 21
                      span:
                        start: 362
                        end: 363
                    arguments: []
                    id: 8
                ty: 1
                span:
                  start: 362
                  end: 370
            result: ~
        ty: 1
        span:
          start: 319
          end: 373
globals: []
memories: []
import_modules: []
enums: []
modules: []
exports:
  13:
    Function:
      internal_name:
        inner: 13
        span:
          start: 384
          end: 388
      external_name: ~
      id: 10
structs:
  - file_id: 0
    pub_span: ~
    name:
      inner: 8
      span:
        start: 143
        end: 148
    fields:
      - name:
          inner: 9
          span:
            start: 155
            end: 156
        ty:
          inner: 9
          span:
            start: 158
            end: 161
      - name:
          inner: 11
          span:
            start: 167
            end: 168
        ty:
          inner: 9
          span:
            start: 170
            end: 173
    lookup:
      9: 0
      11: 1
    accesses:
      - file_id: 0
        span:
          start: 193
          end: 198
      - file_id: 0
        span:
          start: 247
          end: 252
      - file_id: 0
        span:
          start: 335
          end: 340
impl_members:
  17:
    2:
      AssociatedConst:
        id: 11
        ty: 8
    19:
      AssociatedConst:
        id: 12
        ty: 8
  21:
    2:
      AssociatedConst:
        id: 6
        ty: 8
    4:
      Method: 0
    7:
      Method: 2
traits:
  - file_id: 0
    name:
      inner: 1
      span:
        start: 6
        end: 11
    supertraits: []
    members:
      2:
        AssociatedConst:
          id: 0
          ty: 8
      4:
        Method: 0
  - file_id: 0
    name:
      inner: 6
      span:
        start: 96
        end: 104
    supertraits:
      - 0
    members:
      7:
        Method: 1
trait_impls:
  - trait_index: 0
    target: 21
    members:
      2:
        AssociatedConst:
          id: 6
          ty: 8
    file_id: 0
  - trait_index: 1
    target: 21
    members:
      7:
        Method: 2
    file_id: 0
trait_impl_lookup:
  ? - 21
    - 0
  : 0
  ? - 21
    - 1
  : 1
type_trait_impls:
  21:
    - 0
    - 1
constants:
  - id: 0
    file_id: 0
    pub_span: ~
    name:
      inner: 2
      span:
        start: 24
        end: 28
    ty:
      inner: 8
      span:
        start: 30
        end: 33
    value: ~
    accesses: []
  - id: 6
    file_id: 0
    pub_span: ~
    name:
      inner: 2
      span:
        start: 211
        end: 215
    ty:
      inner: 8
      span:
        start: 211
        end: 215
    value:
      kind:
        Int:
          value: 8
      ty: 8
      span:
        start: 223
        end: 224
    accesses: []
  - id: 11
    file_id: 0
    pub_span: ~
    name:
      inner: 2
      span:
        start: 0
        end: 0
    ty:
      inner: 8
      span:
        start: 0
        end: 0
    value: ~
    accesses:
      - file_id: 0
        span:
          start: 76
          end: 80
  - id: 12
    file_id: 0
    pub_span: ~
    name:
      inner: 19
      span:
        start: 0
        end: 0
    ty:
      inner: 8
      span:
        start: 0
        end: 0
    value: ~
    accesses: []
